{
  "Children": [],
  "Source": {
    "Start": 1,
    "End": 9,
    "Length": 8,
    "Source": "\\mathrm{}",
    "SourceName": "User input"
  },
  "Foreground": null,
  "Background": null,
  "TotalHeight": 0.0,
  "TotalWidth": 0.0,
  "Italic": 0.0,
  "Width": 0.0,
  "Height": 0.0,
  "Depth": 0.0,
  "Shift": 0.0
}