{
  "TextStyle": null,
  "RootAtom": {
    "BaseAtom": {
      "IsDelimeter": false,
      "Name": "int",
      "IsTextSymbol": false,
      "Type": "BigOperator",
      "Source": {
        "Start": 1,
        "End": 4,
        "Length": 3,
        "Source": "\\int_a^b",
        "SourceName": "User input"
      }
    },
    "LowerLimitAtom": {
      "Character": "a",
      "TextStyle": null,
      "IsDefaultTextStyle": true,
      "IsTextSymbol": false,
      "Type": "Ordinary",
      "Source": {
        "Start": 5,
        "End": 6,
        "Length": 1,
        "Source": "\\int_a^b",
        "SourceName": "User input"
      }
    },
    "UpperLimitAtom": {
      "Character": "b",
      "TextStyle": null,
      "IsDefaultTextStyle": true,
      "IsTextSymbol": false,
      "Type": "Ordinary",
      "Source": {
        "Start": 7,
        "End": 8,
        "Length": 1,
        "Source": "\\int_a^b",
        "SourceName": "User input"
      }
    },
    "UseVerticalLimits": null,
    "Type": "BigOperator",
    "Source": {
      "Start": 0,
      "End": 8,
      "Length": 8,
      "Source": "\\int_a^b",
      "SourceName": "User input"
    }
  },
  "Source": {
    "Start": 0,
    "End": 8,
    "Length": 8,
    "Source": "\\int_a^b",
    "SourceName": "User input"
  }
}