{
  "TextStyle": null,
  "RootAtom": {
    "PreviousAtom": null,
    "Elements": [
      {
        "Character": "s",
        "TextStyle": "mathrm",
        "IsDefaultTextStyle": false,
        "IsTextSymbol": false,
        "Type": "Ordinary",
        "Source": {
          "Start": 8,
          "End": 9,
          "Length": 1,
          "Source": "\\mathrm{sin}",
          "SourceName": "User input"
        }
      },
      {
        "Character": "i",
        "TextStyle": "mathrm",
        "IsDefaultTextStyle": false,
        "IsTextSymbol": false,
        "Type": "Ordinary",
        "Source": {
          "Start": 9,
          "End": 10,
          "Length": 1,
          "Source": "\\mathrm{sin}",
          "SourceName": "User input"
        }
      },
      {
        "Character": "n",
        "TextStyle": "mathrm",
        "IsDefaultTextStyle": false,
        "IsTextSymbol": false,
        "Type": "Ordinary",
        "Source": {
          "Start": 10,
          "End": 11,
          "Length": 1,
          "Source": "\\mathrm{sin}",
          "SourceName": "User input"
        }
      }
    ],
    "Type": "Ordinary",
    "Source": {
      "Start": 8,
      "End": 11,
      "Length": 3,
      "Source": "\\mathrm{sin}",
      "SourceName": "User input"
    }
  },
  "Source": {
    "Start": 0,
    "End": 12,
    "Length": 12,
    "Source": "\\mathrm{sin}",
    "SourceName": "User input"
  }
}