{
  "TextStyle": null,
  "RootAtom": {
    "PreviousAtom": null,
    "Elements": [
      {
        "BaseAtom": {
          "Character": "1",
          "TextStyle": null,
          "IsDefaultTextStyle": true,
          "IsTextSymbol": false,
          "Type": "Ordinary",
          "Source": {
            "Start": 10,
            "End": 11,
            "Length": 1,
            "Source": "\\overline{1}123",
            "SourceName": "User input"
          }
        },
        "Type": "Ordinary",
        "Source": {
          "Start": 1,
          "End": 12,
          "Length": 11,
          "Source": "\\overline{1}123",
          "SourceName": "User input"
        }
      },
      {
        "Character": "1",
        "TextStyle": null,
        "IsDefaultTextStyle": true,
        "IsTextSymbol": false,
        "Type": "Ordinary",
        "Source": {
          "Start": 12,
          "End": 13,
          "Length": 1,
          "Source": "\\overline{1}123",
          "SourceName": "User input"
        }
      },
      {
        "Character": "2",
        "TextStyle": null,
        "IsDefaultTextStyle": true,
        "IsTextSymbol": false,
        "Type": "Ordinary",
        "Source": {
          "Start": 13,
          "End": 14,
          "Length": 1,
          "Source": "\\overline{1}123",
          "SourceName": "User input"
        }
      },
      {
        "Character": "3",
        "TextStyle": null,
        "IsDefaultTextStyle": true,
        "IsTextSymbol": false,
        "Type": "Ordinary",
        "Source": {
          "Start": 14,
          "End": 15,
          "Length": 1,
          "Source": "\\overline{1}123",
          "SourceName": "User input"
        }
      }
    ],
    "Type": "Ordinary",
    "Source": {
      "Start": 0,
      "End": 15,
      "Length": 15,
      "Source": "\\overline{1}123",
      "SourceName": "User input"
    }
  },
  "Source": {
    "Start": 0,
    "End": 15,
    "Length": 15,
    "Source": "\\overline{1}123",
    "SourceName": "User input"
  }
}