{
  "TextStyle": null,
  "RootAtom": {
    "MatrixCells": [
      [
        {
          "PreviousAtom": null,
          "Elements": [
            {
              "Character": "l",
              "TextStyle": null,
              "IsDefaultTextStyle": true,
              "IsTextSymbol": false,
              "Type": "Ordinary",
              "Source": {
                "Start": 0,
                "End": 1,
                "Length": 1,
                "Source": "line 1\\\\line 2\\\\line 3",
                "SourceName": "User input"
              }
            },
            {
              "Character": "i",
              "TextStyle": null,
              "IsDefaultTextStyle": true,
              "IsTextSymbol": false,
              "Type": "Ordinary",
              "Source": {
                "Start": 1,
                "End": 2,
                "Length": 1,
                "Source": "line 1\\\\line 2\\\\line 3",
                "SourceName": "User input"
              }
            },
            {
              "Character": "n",
              "TextStyle": null,
              "IsDefaultTextStyle": true,
              "IsTextSymbol": false,
              "Type": "Ordinary",
              "Source": {
                "Start": 2,
                "End": 3,
                "Length": 1,
                "Source": "line 1\\\\line 2\\\\line 3",
                "SourceName": "User input"
              }
            },
            {
              "Character": "e",
              "TextStyle": null,
              "IsDefaultTextStyle": true,
              "IsTextSymbol": false,
              "Type": "Ordinary",
              "Source": {
                "Start": 3,
                "End": 4,
                "Length": 1,
                "Source": "line 1\\\\line 2\\\\line 3",
                "SourceName": "User input"
              }
            },
            {
              "Character": "1",
              "TextStyle": null,
              "IsDefaultTextStyle": true,
              "IsTextSymbol": false,
              "Type": "Ordinary",
              "Source": {
                "Start": 5,
                "End": 6,
                "Length": 1,
                "Source": "line 1\\\\line 2\\\\line 3",
                "SourceName": "User input"
              }
            }
          ],
          "Type": "Ordinary",
          "Source": {
            "Start": 0,
            "End": 6,
            "Length": 6,
            "Source": "line 1\\\\line 2\\\\line 3",
            "SourceName": "User input"
          }
        }
      ],
      [
        {
          "PreviousAtom": null,
          "Elements": [
            {
              "Character": "l",
              "TextStyle": null,
              "IsDefaultTextStyle": true,
              "IsTextSymbol": false,
              "Type": "Ordinary",
              "Source": {
                "Start": 8,
                "End": 9,
                "Length": 1,
                "Source": "line 1\\\\line 2\\\\line 3",
                "SourceName": "User input"
              }
            },
            {
              "Character": "i",
              "TextStyle": null,
              "IsDefaultTextStyle": true,
              "IsTextSymbol": false,
              "Type": "Ordinary",
              "Source": {
                "Start": 9,
                "End": 10,
                "Length": 1,
                "Source": "line 1\\\\line 2\\\\line 3",
                "SourceName": "User input"
              }
            },
            {
              "Character": "n",
              "TextStyle": null,
              "IsDefaultTextStyle": true,
              "IsTextSymbol": false,
              "Type": "Ordinary",
              "Source": {
                "Start": 10,
                "End": 11,
                "Length": 1,
                "Source": "line 1\\\\line 2\\\\line 3",
                "SourceName": "User input"
              }
            },
            {
              "Character": "e",
              "TextStyle": null,
              "IsDefaultTextStyle": true,
              "IsTextSymbol": false,
              "Type": "Ordinary",
              "Source": {
                "Start": 11,
                "End": 12,
                "Length": 1,
                "Source": "line 1\\\\line 2\\\\line 3",
                "SourceName": "User input"
              }
            },
            {
              "Character": "2",
              "TextStyle": null,
              "IsDefaultTextStyle": true,
              "IsTextSymbol": false,
              "Type": "Ordinary",
              "Source": {
                "Start": 13,
                "End": 14,
                "Length": 1,
                "Source": "line 1\\\\line 2\\\\line 3",
                "SourceName": "User input"
              }
            }
          ],
          "Type": "Ordinary",
          "Source": {
            "Start": 8,
            "End": 14,
            "Length": 6,
            "Source": "line 1\\\\line 2\\\\line 3",
            "SourceName": "User input"
          }
        }
      ],
      [
        {
          "PreviousAtom": null,
          "Elements": [
            {
              "Character": "l",
              "TextStyle": null,
              "IsDefaultTextStyle": true,
              "IsTextSymbol": false,
              "Type": "Ordinary",
              "Source": {
                "Start": 16,
                "End": 17,
                "Length": 1,
                "Source": "line 1\\\\line 2\\\\line 3",
                "SourceName": "User input"
              }
            },
            {
              "Character": "i",
              "TextStyle": null,
              "IsDefaultTextStyle": true,
              "IsTextSymbol": false,
              "Type": "Ordinary",
              "Source": {
                "Start": 17,
                "End": 18,
                "Length": 1,
                "Source": "line 1\\\\line 2\\\\line 3",
                "SourceName": "User input"
              }
            },
            {
              "Character": "n",
              "TextStyle": null,
              "IsDefaultTextStyle": true,
              "IsTextSymbol": false,
              "Type": "Ordinary",
              "Source": {
                "Start": 18,
                "End": 19,
                "Length": 1,
                "Source": "line 1\\\\line 2\\\\line 3",
                "SourceName": "User input"
              }
            },
            {
              "Character": "e",
              "TextStyle": null,
              "IsDefaultTextStyle": true,
              "IsTextSymbol": false,
              "Type": "Ordinary",
              "Source": {
                "Start": 19,
                "End": 20,
                "Length": 1,
                "Source": "line 1\\\\line 2\\\\line 3",
                "SourceName": "User input"
              }
            },
            {
              "Character": "3",
              "TextStyle": null,
              "IsDefaultTextStyle": true,
              "IsTextSymbol": false,
              "Type": "Ordinary",
              "Source": {
                "Start": 21,
                "End": 22,
                "Length": 1,
                "Source": "line 1\\\\line 2\\\\line 3",
                "SourceName": "User input"
              }
            }
          ],
          "Type": "Ordinary",
          "Source": {
            "Start": 16,
            "End": 22,
            "Length": 6,
            "Source": "line 1\\\\line 2\\\\line 3",
            "SourceName": "User input"
          }
        }
      ]
    ],
    "VerticalPadding": 0.35,
    "HorizontalPadding": 0.35,
    "MatrixCellAlignment": "Left",
    "Type": "Ordinary",
    "Source": null
  },
  "Source": {
    "Start": 0,
    "End": 22,
    "Length": 22,
    "Source": "line 1\\\\line 2\\\\line 3",
    "SourceName": "User input"
  }
}