{
  "TextStyle": null,
  "RootAtom": {
    "PreviousAtom": null,
    "Elements": [
      {
        "Numerator": {
          "Character": "2",
          "TextStyle": null,
          "IsDefaultTextStyle": true,
          "IsTextSymbol": false,
          "Type": "Ordinary",
          "Source": {
            "Start": 5,
            "End": 6,
            "Length": 1,
            "Source": "\\frac2{x}123",
            "SourceName": "User input"
          }
        },
        "Denominator": {
          "Character": "x",
          "TextStyle": null,
          "IsDefaultTextStyle": true,
          "IsTextSymbol": false,
          "Type": "Ordinary",
          "Source": {
            "Start": 7,
            "End": 8,
            "Length": 1,
            "Source": "\\frac2{x}123",
            "SourceName": "User input"
          }
        },
        "Type": "Inner",
        "Source": {
          "Start": 1,
          "End": 9,
          "Length": 8,
          "Source": "\\frac2{x}123",
          "SourceName": "User input"
        }
      },
      {
        "Character": "1",
        "TextStyle": null,
        "IsDefaultTextStyle": true,
        "IsTextSymbol": false,
        "Type": "Ordinary",
        "Source": {
          "Start": 9,
          "End": 10,
          "Length": 1,
          "Source": "\\frac2{x}123",
          "SourceName": "User input"
        }
      },
      {
        "Character": "2",
        "TextStyle": null,
        "IsDefaultTextStyle": true,
        "IsTextSymbol": false,
        "Type": "Ordinary",
        "Source": {
          "Start": 10,
          "End": 11,
          "Length": 1,
          "Source": "\\frac2{x}123",
          "SourceName": "User input"
        }
      },
      {
        "Character": "3",
        "TextStyle": null,
        "IsDefaultTextStyle": true,
        "IsTextSymbol": false,
        "Type": "Ordinary",
        "Source": {
          "Start": 11,
          "End": 12,
          "Length": 1,
          "Source": "\\frac2{x}123",
          "SourceName": "User input"
        }
      }
    ],
    "Type": "Ordinary",
    "Source": {
      "Start": 0,
      "End": 12,
      "Length": 12,
      "Source": "\\frac2{x}123",
      "SourceName": "User input"
    }
  },
  "Source": {
    "Start": 0,
    "End": 12,
    "Length": 12,
    "Source": "\\frac2{x}123",
    "SourceName": "User input"
  }
}