{
  "TextStyle": null,
  "RootAtom": {
    "PreviousAtom": null,
    "Elements": [
      {
        "BaseAtom": {
          "IsDelimeter": false,
          "Name": "int",
          "IsTextSymbol": false,
          "Type": "BigOperator",
          "Source": {
            "Start": 1,
            "End": 4,
            "Length": 3,
            "Source": "\\int f",
            "SourceName": "User input"
          }
        },
        "LowerLimitAtom": null,
        "UpperLimitAtom": null,
        "UseVerticalLimits": null,
        "Type": "BigOperator",
        "Source": {
          "Start": 0,
          "End": 4,
          "Length": 4,
          "Source": "\\int f",
          "SourceName": "User input"
        }
      },
      {
        "Character": "f",
        "TextStyle": null,
        "IsDefaultTextStyle": true,
        "IsTextSymbol": false,
        "Type": "Ordinary",
        "Source": {
          "Start": 5,
          "End": 6,
          "Length": 1,
          "Source": "\\int f",
          "SourceName": "User input"
        }
      }
    ],
    "Type": "Ordinary",
    "Source": {
      "Start": 0,
      "End": 6,
      "Length": 6,
      "Source": "\\int f",
      "SourceName": "User input"
    }
  },
  "Source": {
    "Start": 0,
    "End": 6,
    "Length": 6,
    "Source": "\\int f",
    "SourceName": "User input"
  }
}