{
  "TextStyle": null,
  "RootAtom": {
    "Atom": {
      "PreviousAtom": null,
      "Elements": [],
      "Type": "Ordinary",
      "Source": {
        "Start": 1,
        "End": 1,
        "Length": 0,
        "Source": "{}",
        "SourceName": "User input"
      }
    },
    "LeftType": "Ordinary",
    "RightType": "Ordinary",
    "Type": "Ordinary",
    "Source": {
      "Start": 1,
      "End": 1,
      "Length": 0,
      "Source": "{}",
      "SourceName": "User input"
    }
  },
  "Source": {
    "Start": 0,
    "End": 2,
    "Length": 2,
    "Source": "{}",
    "SourceName": "User input"
  }
}