{
  "RootAtom": {
    "[AtomType]": "StyledAtom",
    "Background": null,
    "Foreground": "#1A808080",
    "RowAtom": {
      "[AtomType]": "RowAtom",
      "Elements": [
        {
          "[AtomType]": "CharAtom",
          "Character": "x",
          "IsTextSymbol": false,
          "Source": {
            "End": 36,
            "Length": 1,
            "Source": "\\color [rgba] {0.5, 0.5, 0.5, 0.1} x",
            "SourceName": "User input",
            "Start": 35
          },
          "TextStyle": null,
          "Type": "Ordinary"
        }
      ],
      "PreviousAtom": null,
      "Source": {
        "End": 36,
        "Length": 35,
        "Source": "\\color [rgba] {0.5, 0.5, 0.5, 0.1} x",
        "SourceName": "User input",
        "Start": 1
      },
      "Type": "Ordinary"
    },
    "Source": {
      "End": 36,
      "Length": 35,
      "Source": "\\color [rgba] {0.5, 0.5, 0.5, 0.1} x",
      "SourceName": "User input",
      "Start": 1
    },
    "Type": "Ordinary"
  },
  "Source": {
    "End": 36,
    "Length": 36,
    "Source": "\\color [rgba] {0.5, 0.5, 0.5, 0.1} x",
    "SourceName": "User input",
    "Start": 0
  },
  "TextStyle": null
}