{
  "TextStyle": null,
  "RootAtom": {
    "RowAtom": {
      "PreviousAtom": null,
      "Elements": [
        {
          "Character": "x",
          "TextStyle": null,
          "IsDefaultTextStyle": true,
          "IsTextSymbol": false,
          "Type": "Ordinary",
          "Source": {
            "Start": 25,
            "End": 26,
            "Length": 1,
            "Source": "\\color [HTML] {abcdef19} x",
            "SourceName": "User input"
          }
        }
      ],
      "Type": "Ordinary",
      "Source": {
        "Start": 1,
        "End": 26,
        "Length": 25,
        "Source": "\\color [HTML] {abcdef19} x",
        "SourceName": "User input"
      }
    },
    "Background": null,
    "Foreground": "#19000000",
    "Type": "Ordinary",
    "Source": {
      "Start": 1,
      "End": 26,
      "Length": 25,
      "Source": "\\color [HTML] {abcdef19} x",
      "SourceName": "User input"
    }
  },
  "Source": {
    "Start": 0,
    "End": 26,
    "Length": 26,
    "Source": "\\color [HTML] {abcdef19} x",
    "SourceName": "User input"
  }
}