{
  "TextStyle": null,
  "RootAtom": {
    "PreviousAtom": null,
    "Elements": [
      {
        "BaseAtom": {
          "MatrixCells": [
            [
              {
                "Character": "2",
                "TextStyle": null,
                "IsDefaultTextStyle": true,
                "IsTextSymbol": false,
                "Type": "Ordinary",
                "Source": {
                  "Start": 7,
                  "End": 8,
                  "Length": 1,
                  "Source": "\\binom{2}x123",
                  "SourceName": "User input"
                }
              }
            ],
            [
              {
                "Character": "x",
                "TextStyle": null,
                "IsDefaultTextStyle": true,
                "IsTextSymbol": false,
                "Type": "Ordinary",
                "Source": {
                  "Start": 9,
                  "End": 10,
                  "Length": 1,
                  "Source": "\\binom{2}x123",
                  "SourceName": "User input"
                }
              }
            ]
          ],
          "VerticalPadding": 0.35,
          "HorizontalPadding": 0.35,
          "MatrixCellAlignment": "Center",
          "Type": "Ordinary",
          "Source": {
            "Start": 1,
            "End": 10,
            "Length": 9,
            "Source": "\\binom{2}x123",
            "SourceName": "User input"
          }
        },
        "LeftDelimeter": {
          "IsDelimeter": true,
          "Name": "(",
          "IsTextSymbol": false,
          "Type": "Opening",
          "Source": {
            "Start": 1,
            "End": 10,
            "Length": 9,
            "Source": "\\binom{2}x123",
            "SourceName": "User input"
          }
        },
        "RightDelimeter": {
          "IsDelimeter": true,
          "Name": ")",
          "IsTextSymbol": false,
          "Type": "Closing",
          "Source": {
            "Start": 1,
            "End": 10,
            "Length": 9,
            "Source": "\\binom{2}x123",
            "SourceName": "User input"
          }
        },
        "Type": "Ordinary",
        "Source": {
          "Start": 1,
          "End": 10,
          "Length": 9,
          "Source": "\\binom{2}x123",
          "SourceName": "User input"
        }
      },
      {
        "Character": "1",
        "TextStyle": null,
        "IsDefaultTextStyle": true,
        "IsTextSymbol": false,
        "Type": "Ordinary",
        "Source": {
          "Start": 10,
          "End": 11,
          "Length": 1,
          "Source": "\\binom{2}x123",
          "SourceName": "User input"
        }
      },
      {
        "Character": "2",
        "TextStyle": null,
        "IsDefaultTextStyle": true,
        "IsTextSymbol": false,
        "Type": "Ordinary",
        "Source": {
          "Start": 11,
          "End": 12,
          "Length": 1,
          "Source": "\\binom{2}x123",
          "SourceName": "User input"
        }
      },
      {
        "Character": "3",
        "TextStyle": null,
        "IsDefaultTextStyle": true,
        "IsTextSymbol": false,
        "Type": "Ordinary",
        "Source": {
          "Start": 12,
          "End": 13,
          "Length": 1,
          "Source": "\\binom{2}x123",
          "SourceName": "User input"
        }
      }
    ],
    "Type": "Ordinary",
    "Source": {
      "Start": 0,
      "End": 13,
      "Length": 13,
      "Source": "\\binom{2}x123",
      "SourceName": "User input"
    }
  },
  "Source": {
    "Start": 0,
    "End": 13,
    "Length": 13,
    "Source": "\\binom{2}x123",
    "SourceName": "User input"
  }
}