{
  "RootAtom": {
    "[AtomType]": "RowAtom",
    "Elements": [
      {
        "[AtomType]": "FencedAtom",
        "BaseAtom": {
          "[AtomType]": "MatrixAtom",
          "HorizontalPadding": 0.35,
          "MatrixCellAlignment": "Center",
          "MatrixCells": [
            [
              {
                "[AtomType]": "CharAtom",
                "Character": "2",
                "IsTextSymbol": false,
                "Source": {
                  "End": 8,
                  "Length": 1,
                  "Source": "\\binom 2 x123",
                  "SourceName": "User input",
                  "Start": 7
                },
                "TextStyle": null,
                "Type": "Ordinary"
              }
            ],
            [
              {
                "[AtomType]": "CharAtom",
                "Character": "x",
                "IsTextSymbol": false,
                "Source": {
                  "End": 10,
                  "Length": 1,
                  "Source": "\\binom 2 x123",
                  "SourceName": "User input",
                  "Start": 9
                },
                "TextStyle": null,
                "Type": "Ordinary"
              }
            ]
          ],
          "Source": {
            "End": 10,
            "Length": 9,
            "Source": "\\binom 2 x123",
            "SourceName": "User input",
            "Start": 1
          },
          "Type": "Ordinary",
          "VerticalPadding": 0.35
        },
        "LeftDelimeter": {
          "[AtomType]": "SymbolAtom",
          "IsDelimeter": true,
          "IsTextSymbol": false,
          "Name": "(",
          "Source": {
            "End": 10,
            "Length": 9,
            "Source": "\\binom 2 x123",
            "SourceName": "User input",
            "Start": 1
          },
          "Type": "Opening"
        },
        "RightDelimeter": {
          "[AtomType]": "SymbolAtom",
          "IsDelimeter": true,
          "IsTextSymbol": false,
          "Name": ")",
          "Source": {
            "End": 10,
            "Length": 9,
            "Source": "\\binom 2 x123",
            "SourceName": "User input",
            "Start": 1
          },
          "Type": "Closing"
        },
        "Source": {
          "End": 10,
          "Length": 9,
          "Source": "\\binom 2 x123",
          "SourceName": "User input",
          "Start": 1
        },
        "Type": "Ordinary"
      },
      {
        "[AtomType]": "CharAtom",
        "Character": "1",
        "IsTextSymbol": false,
        "Source": {
          "End": 11,
          "Length": 1,
          "Source": "\\binom 2 x123",
          "SourceName": "User input",
          "Start": 10
        },
        "TextStyle": null,
        "Type": "Ordinary"
      },
      {
        "[AtomType]": "CharAtom",
        "Character": "2",
        "IsTextSymbol": false,
        "Source": {
          "End": 12,
          "Length": 1,
          "Source": "\\binom 2 x123",
          "SourceName": "User input",
          "Start": 11
        },
        "TextStyle": null,
        "Type": "Ordinary"
      },
      {
        "[AtomType]": "CharAtom",
        "Character": "3",
        "IsTextSymbol": false,
        "Source": {
          "End": 13,
          "Length": 1,
          "Source": "\\binom 2 x123",
          "SourceName": "User input",
          "Start": 12
        },
        "TextStyle": null,
        "Type": "Ordinary"
      }
    ],
    "PreviousAtom": null,
    "Source": {
      "End": 13,
      "Length": 13,
      "Source": "\\binom 2 x123",
      "SourceName": "User input",
      "Start": 0
    },
    "Type": "Ordinary"
  },
  "Source": {
    "End": 13,
    "Length": 13,
    "Source": "\\binom 2 x123",
    "SourceName": "User input",
    "Start": 0
  },
  "TextStyle": null
}