{
  "RootAtom": {
    "[AtomType]": "RowAtom",
    "Elements": [
      {
        "[AtomType]": "OverlinedAtom",
        "BaseAtom": {
          "[AtomType]": "CharAtom",
          "Character": "1",
          "IsTextSymbol": false,
          "Source": {
            "End": 12,
            "Length": 1,
            "Source": "\\overline {1}123",
            "SourceName": "User input",
            "Start": 11
          },
          "TextStyle": null,
          "Type": "Ordinary"
        },
        "Source": {
          "End": 13,
          "Length": 12,
          "Source": "\\overline {1}123",
          "SourceName": "User input",
          "Start": 1
        },
        "Type": "Ordinary"
      },
      {
        "[AtomType]": "CharAtom",
        "Character": "1",
        "IsTextSymbol": false,
        "Source": {
          "End": 14,
          "Length": 1,
          "Source": "\\overline {1}123",
          "SourceName": "User input",
          "Start": 13
        },
        "TextStyle": null,
        "Type": "Ordinary"
      },
      {
        "[AtomType]": "CharAtom",
        "Character": "2",
        "IsTextSymbol": false,
        "Source": {
          "End": 15,
          "Length": 1,
          "Source": "\\overline {1}123",
          "SourceName": "User input",
          "Start": 14
        },
        "TextStyle": null,
        "Type": "Ordinary"
      },
      {
        "[AtomType]": "CharAtom",
        "Character": "3",
        "IsTextSymbol": false,
        "Source": {
          "End": 16,
          "Length": 1,
          "Source": "\\overline {1}123",
          "SourceName": "User input",
          "Start": 15
        },
        "TextStyle": null,
        "Type": "Ordinary"
      }
    ],
    "PreviousAtom": null,
    "Source": {
      "End": 16,
      "Length": 16,
      "Source": "\\overline {1}123",
      "SourceName": "User input",
      "Start": 0
    },
    "Type": "Ordinary"
  },
  "Source": {
    "End": 16,
    "Length": 16,
    "Source": "\\overline {1}123",
    "SourceName": "User input",
    "Start": 0
  },
  "TextStyle": null
}